farm
farm
farm
farm
farm
farm
farm
farm
farm
farm
farm
farm
farm
farm
farm
farm
farm
farm
farm
farm
farm
farm
farm
farm
farm
farm
farm
farm
farm
farm
farm
farm
farm
farm
farm
farm
farm
farm
farm
farm
farm
farm
farm
farm
farm
farm
farm
farm
farm
farm
farm
farm
farm
farm
farm
farm
farm
farm
farm
farm
farm
farm
farm
farm
farm
farm
farm
farm
farm
farm
farm
farm
farm
farm
farm
farm
farm
farm
farm
farm
farm
farm
farm
farm
farm
farm
farm
farm
farm
farm
farm
farm
farm
farm
farm
farm
farm
farm
farm
farm
farm
farm
farm
farm
farm
farm
farm
farm
farm
farm
farm
farm
farm
farm
farm
farm
farm
farm
farm
farm
farm
farm
farm
farm
farm
farm
farm
farm
farm
farm
farm
farm
farm
farm
farm
farm
farm
farm
farm
farm
farm
farm
farm
farm
farm
farm
farm
farm
farm
farm
farm
farm
farm
farm
farm
farm
farm
farm
farm
farm
farm
farm
farm
farm
farm
farm
farm
farm
farm
farm
farm
farm
farm
farm
farm
farm
farm
farm
farm
farm
farm
farm
farm
farm
farm
farm
farm
farm
farm
farm
farm
farm
farm
farm
farm
farm
farm
farm
farm
farm
farm
farm
farm
farm
farm
farm
farm
farm
farm
farm
farm
farm
farm
farm
farm
farm
farm
farm
farm
farm
farm
farm
farm
farm
farm
farm
farm
farm
farm
farm
farm
farm
farm
farm
farm
farm
farm
farm
farm
farm
farm
farm
grass
grass
grass
grass
grass
grass
grass
grass
farm
farm
farm
farm
farm
farm
farm
farm
farm
farm
grass
grass
grass
grass
grass
grass
grass
grass
farm
farm
2man
2man
2skirm
grass
grass
rock
grass
rock
grass
rock
grass
farm
farm
farm
farm
farm
farm
farm
farm
grass
rock
grass
grass
grass
rock
grass
grass
1skirm
1man
1man
2man
2man
2skirm
grass
grass
grass
grass
grass
grass
grass
grass
grass
farm
farm
farm
farm
farm
farm
grass
grass
grass
grass
grass
grass
grass
grass
rock
1skirm
1man
1man
2skirm
2skirm
2skirm
grass
rock
grass
rock
grass
grass
grass
grass
grass
farm
grass
grass
grass
farm
grass
grass
grass
rock
grass
rock
grass
grass
grass
grass
1skirm
1skirm
1skirm
2arch
2pult
2ogre
2ogre
grass
grass
grass
grass
grass
grass
rock
grass
farm
grass
grass
farm
farm
grass
grass
grass
grass
grass
grass
grass
grass
rock
1ogre
1ogre
1pult
1arch
2arch
2pult
2ogre
2ogre
grass
grass
grass
grass
grass
grass
grass
grass
grass
farm
grass
farm
grass
rock
grass
grass
grass
rock
grass
grass
grass
grass
1ogre
1ogre
1pult
1arch
2arch
2pult
2ogre
2ogre
grass
grass
rock
grass
grass
grass
grass
grass
grass
grass
farm
grass
grass
grass
grass
rock
grass
grass
grass
grass
grass
grass
1ogre
1ogre
1pult
1arch
2arch
2pult
2ogre
2ogre
rock
grass
grass
grass
grass
grass
rock
grass
grass
grass
farm
grass
grass
grass
grass
grass
grass
grass
grass
rock
grass
rock
1ogre
1ogre
1pult
1arch
2arch
2pult
2ogre
2ogre
grass
grass
grass
grass
rock
grass
grass
grass
grass
farm
grass
farm
grass
grass
rock
grass
grass
grass
grass
grass
grass
grass
1ogre
1ogre
1pult
1arch
2skirm
2skirm
2skirm
grass
grass
grass
rock
grass
grass
grass
grass
grass
farm
grass
grass
farm
farm
grass
grass
grass
grass
rock
grass
rock
grass
grass
grass
1skirm
1skirm
1skirm
2man
2man
2skirm
rock
grass
grass
grass
grass
grass
grass
grass
grass
farm
farm
farm
farm
farm
grass
grass
rock
grass
grass
grass
grass
grass
grass
grass
1skirm
1man
1man
2man
2man
2skirm
grass
grass
rock
grass
grass
rock
grass
grass
farm
farm
farm
farm
farm
farm
farm
farm
grass
grass
grass
rock
grass
grass
rock
grass
1skirm
1man
1man
farm
farm
grass
grass
grass
grass
grass
grass
grass
grass
farm
farm
farm
farm
farm
farm
farm
farm
farm
farm
grass
grass
grass
grass
grass
grass
grass
grass
farm
farm
farm
farm
farm
farm
farm
farm
farm
farm
farm
farm
farm
farm
farm
farm
farm
farm
farm
farm
farm
farm
farm
farm
farm
farm
farm
farm
farm
farm
farm
farm
farm
farm
farm
farm
farm
farm
farm
farm
farm
farm
farm
farm
farm
farm
farm
farm
farm
farm
farm
farm
farm
farm
farm
farm
farm
farm
farm
farm
farm
farm
farm
farm
farm
farm
farm
farm
farm
farm
farm
farm
farm
farm
farm
farm
farm
farm
farm
farm
farm
farm
farm
farm
farm
farm
farm
farm
farm
farm
farm
farm
farm
farm
farm
farm
farm
farm
farm
farm
farm
farm
farm
farm
farm
farm
farm
farm
farm
farm
farm
farm
farm
farm
farm
farm
farm
farm
farm
farm
farm
farm
farm
farm
farm
farm
farm
farm
farm
farm
farm
farm
farm
farm
farm
farm
farm
farm
farm
farm
farm
farm
farm
farm
farm
farm
farm
farm
farm
farm
farm
farm
farm
farm
farm
farm
farm
farm
farm
farm
farm
farm
farm
farm
farm
farm
farm
farm
farm
farm
farm
farm
farm
farm
farm
farm
farm
farm
farm
farm
farm
farm
farm
farm
farm
farm
farm
farm
farm
farm
farm
farm
farm
farm
farm
farm
farm
farm
farm
farm
farm
farm
farm
farm
farm
farm
farm
farm
farm
farm
farm
farm
farm
farm
farm
farm
farm
farm
farm
farm
farm
farm
farm
farm
farm
farm
farm
farm
farm
farm
farm
farm
farm
farm
farm
farm
farm
farm
farm
farm
farm
farm
farm
farm
farm
farm
farm
farm
farm
farm
farm
farm
farm
farm
farm
farm
farm
farm
farm
farm
farm
farm
farm
farm
farm
farm
farm
farm
farm
farm
farm
farm
