rock
rock
rock
rock
grass
grass
grass
grass
grass
grass
grass
grass
grass
grass
grass
grass
grass
grass
grass
grass
grass
grass
grass
rock
rock
rock
rock
rock
rock
rock
rock
rock
rock
rock
rock
grass
grass
grass
farm
grass
grass
grass
grass
grass
farm
grass
grass
grass
grass
farm
farm
grass
grass
rock
rock
rock
rock
rock
rock
rock
rock
rock
rock
rock
rock
rock
grass
grass
grass
grass
grass
grass
grass
grass
2man
farm
farm
grass
grass
grass
grass
grass
rock
rock
rock
rock
rock
rock
rock
rock
rock
rock
rock
rock
rock
rock
rock
grass
grass
grass
grass
farm
grass
grass
2man
grass
grass
grass
grass
grass
grass
rock
rock
rock
rock
rock
rock
rock
rock
rock
grass
grass
rock
rock
rock
rock
rock
rock
grass
2man
grass
2man
grass
2man
grass
grass
2man
2man
grass
grass
grass
rock
rock
rock
rock
rock
rock
rock
rock
rock
grass
grass
grass
grass
rock
rock
rock
rock
grass
grass
2man
grass
2man
grass
grass
grass
grass
grass
grass
grass
rock
rock
rock
rock
rock
rock
rock
rock
grass
grass
grass
grass
grass
grass
grass
grass
rock
grass
grass
grass
grass
grass
grass
grass
grass
grass
grass
grass
grass
rock
rock
rock
rock
rock
rock
rock
rock
grass
grass
grass
grass
grass
grass
grass
grass
grass
grass
grass
grass
farm
farm
farm
grass
grass
grass
grass
farm
farm
grass
rock
rock
rock
rock
rock
rock
grass
grass
grass
grass
grass
grass
grass
farm
grass
farm
grass
grass
grass
grass
farm
farm
farm
farm
grass
grass
farm
farm
farm
grass
grass
rock
rock
rock
grass
grass
grass
grass
grass
grass
grass
grass
grass
grass
grass
grass
grass
2man
grass
grass
1skirm
1skirm
1skirm
1skirm
1skirm
1skirm
1skirm
1skirm
1skirm
grass
grass
grass
grass
grass
grass
grass
grass
grass
farm
grass
grass
grass
grass
grass
grass
grass
grass
2man
farm
farm
1man
grass
grass
grass
grass
grass
grass
grass
1arch
farm
farm
farm
grass
grass
grass
grass
grass
grass
grass
grass
grass
grass
grass
grass
2pult
grass
grass
2man
farm
farm
1man
grass
grass
grass
grass
grass
grass
grass
1arch
farm
farm
grass
grass
2ogre
grass
grass
grass
grass
grass
grass
grass
grass
grass
grass
grass
grass
grass
2man
farm
farm
1man
grass
grass
grass
grass
grass
grass
grass
1arch
farm
farm
grass
grass
2ogre
farm
grass
grass
2pult
grass
grass
grass
grass
grass
grass
farm
grass
farm
2man
grass
farm
1man
grass
1pult
farm
farm
1pult
grass
grass
1arch
farm
grass
grass
grass
2ogre
grass
grass
farm
grass
farm
farm
grass
grass
farm
grass
grass
grass
grass
2man
grass
grass
1man
grass
farm
farm
farm
farm
grass
grass
1arch
grass
grass
grass
grass
2arch
grass
grass
grass
grass
grass
grass
grass
grass
grass
grass
2pult
grass
grass
2man
grass
grass
1man
grass
farm
farm
farm
farm
grass
grass
1arch
grass
grass
grass
grass
2arch
grass
grass
grass
grass
grass
farm
grass
grass
grass
grass
grass
grass
grass
2man
grass
farm
1man
grass
1pult
farm
farm
1pult
grass
grass
1arch
farm
grass
grass
grass
2arch
grass
grass
grass
grass
grass
grass
grass
grass
grass
grass
farm
grass
grass
2man
farm
farm
1man
grass
grass
grass
grass
grass
grass
grass
1arch
farm
farm
grass
grass
2arch
farm
grass
grass
2pult
grass
grass
grass
grass
grass
grass
grass
farm
grass
2man
farm
farm
1man
grass
grass
grass
grass
grass
grass
grass
1arch
farm
farm
grass
grass
2man
grass
grass
grass
grass
grass
grass
grass
grass
grass
grass
grass
farm
grass
2man
farm
farm
1man
grass
grass
grass
grass
grass
grass
grass
1arch
farm
farm
grass
grass
2man
grass
farm
grass
grass
grass
grass
grass
grass
grass
farm
grass
grass
grass
2man
grass
grass
1ogre
1ogre
1ogre
1ogre
1ogre
1ogre
1ogre
1ogre
1arch
grass
grass
grass
grass
2man
grass
grass
grass
grass
grass
grass
farm
grass
grass
grass
grass
grass
grass
grass
grass
grass
farm
farm
farm
grass
grass
grass
farm
farm
farm
grass
grass
grass
grass
grass
grass
grass
grass
grass
grass
grass
grass
grass
farm
grass
grass
grass
grass
grass
grass
grass
farm
farm
grass
grass
grass
grass
grass
farm
farm
grass
grass
grass
grass
grass
grass
grass
farm
grass
grass
grass
grass
grass
grass
grass
grass
grass
rock
rock
rock
grass
grass
grass
grass
grass
grass
grass
grass
grass
grass
grass
rock
rock
rock
rock
rock
grass
grass
grass
grass
grass
grass
grass
grass
grass
grass
rock
rock
rock
rock
grass
grass
grass
grass
grass
grass
grass
grass
grass
grass
grass
rock
rock
rock
rock
rock
rock
rock
grass
grass
grass
grass
grass
grass
rock
rock
rock
rock
rock
rock
grass
2ogre
grass
grass
grass
farm
grass
2ogre
farm
grass
grass
rock
rock
rock
rock
rock
rock
rock
rock
rock
grass
grass
grass
rock
rock
rock
rock
rock
rock
grass
2ogre
grass
grass
2ogre
grass
grass
farm
grass
2ogre
2ogre
grass
rock
rock
rock
rock
rock
rock
rock
rock
rock
rock
rock
rock
rock
rock
rock
rock
rock
rock
grass
grass
farm
2ogre
grass
2ogre
2ogre
2ogre
grass
grass
grass
grass
grass
rock
rock
rock
rock
rock
rock
rock
rock
rock
rock
rock
rock
rock
rock
rock
rock
grass
grass
grass
grass
grass
grass
grass
grass
grass
grass
grass
farm
grass
grass
rock
rock
rock
rock
rock
rock
rock
rock
rock
rock
rock
rock
rock
rock
rock
grass
grass
grass
farm
grass
grass
grass
grass
farm
grass
grass
grass
grass
grass
grass
rock
rock
rock
rock
rock
rock
rock
rock
rock
rock
